Copyright 1986-2021 Xilinx, Inc. All Rights Reserved.
------------------------------------------------------------------------------------
| Tool Version : Vivado v.2021.1 (win64) Build 3247384 Thu Jun 10 19:36:33 MDT 2021
| Date         : Wed Dec  1 19:45:11 2021
| Host         : P2-06 running 64-bit major release  (build 9200)
| Command      : report_control_sets -verbose -file main_control_sets_placed.rpt
| Design       : main
| Device       : xc7a100t
------------------------------------------------------------------------------------

Control Set Information

Table of Contents
-----------------
1. Summary
2. Histogram
3. Flip-Flop Distribution
4. Detailed Control Set Information

1. Summary
----------

+----------------------------------------------------------+-------+
|                          Status                          | Count |
+----------------------------------------------------------+-------+
| Total control sets                                       |    20 |
|    Minimum number of control sets                        |    20 |
|    Addition due to synthesis replication                 |     0 |
|    Addition due to physical synthesis replication        |     0 |
| Unused register locations in slices containing registers |    24 |
+----------------------------------------------------------+-------+
* Control sets can be merged at opt_design using control_set_merge or merge_equivalent_drivers
** Run report_qor_suggestions for automated merging and remapping suggestions


2. Histogram
------------

+--------------------+-------+
|       Fanout       | Count |
+--------------------+-------+
| Total control sets |    20 |
| >= 0 to < 4        |     1 |
| >= 4 to < 6        |     1 |
| >= 6 to < 8        |     0 |
| >= 8 to < 10       |     0 |
| >= 10 to < 12      |     1 |
| >= 12 to < 14      |     0 |
| >= 14 to < 16      |     0 |
| >= 16              |    17 |
+--------------------+-------+
* Control sets can be remapped at either synth_design or opt_design


3. Flip-Flop Distribution
-------------------------

+--------------+-----------------------+------------------------+-----------------+--------------+
| Clock Enable | Synchronous Set/Reset | Asynchronous Set/Reset | Total Registers | Total Slices |
+--------------+-----------------------+------------------------+-----------------+--------------+
| No           | No                    | No                     |             194 |           68 |
| No           | No                    | Yes                    |               0 |            0 |
| No           | Yes                   | No                     |              46 |           13 |
| Yes          | No                    | No                     |             480 |          187 |
| Yes          | No                    | Yes                    |               0 |            0 |
| Yes          | Yes                   | No                     |               0 |            0 |
+--------------+-----------------------+------------------------+-----------------+--------------+


4. Detailed Control Set Information
-----------------------------------

+----------------+----------------------------------------+-----------------------------------+------------------+----------------+--------------+
|  Clock Signal  |              Enable Signal             |          Set/Reset Signal         | Slice Load Count | Bel Load Count | Bels / Slice |
+----------------+----------------------------------------+-----------------------------------+------------------+----------------+--------------+
|  clk_IBUF_BUFG |                                        |                                   |                1 |              2 |         2.00 |
| ~clk125_BUFG   |                                        |                                   |                1 |              5 |         5.00 |
|  clk125_BUFG   |                                        | CPU/dx/loop[31].dpr3/q_reg_1      |                3 |             10 |         3.33 |
| ~clk125_BUFG   | RegisterFile/registers[1][31]_i_1_n_0  |                                   |               13 |             32 |         2.46 |
| ~clk125_BUFG   | RegisterFile/registers                 |                                   |               19 |             32 |         1.68 |
| ~clk125_BUFG   | RegisterFile/registers[29][31]_i_1_n_0 |                                   |               12 |             32 |         2.67 |
| ~clk125_BUFG   | RegisterFile/registers[5][31]_i_1_n_0  |                                   |               14 |             32 |         2.29 |
| ~clk125_BUFG   | RegisterFile/registers[26][31]_i_1_n_0 |                                   |               14 |             32 |         2.29 |
| ~clk125_BUFG   | RegisterFile/registers[6][31]_i_1_n_0  |                                   |               12 |             32 |         2.67 |
| ~clk125_BUFG   | RegisterFile/registers[27][31]_i_1_n_0 |                                   |                8 |             32 |         4.00 |
| ~clk125_BUFG   | RegisterFile/registers[3][31]_i_1_n_0  |                                   |                9 |             32 |         3.56 |
| ~clk125_BUFG   | RegisterFile/registers[7][31]_i_1_n_0  |                                   |               18 |             32 |         1.78 |
| ~clk125_BUFG   | RegisterFile/registers[25][31]_i_1_n_0 |                                   |               13 |             32 |         2.46 |
| ~clk125_BUFG   | RegisterFile/registers[28][31]_i_1_n_0 |                                   |               12 |             32 |         2.67 |
| ~clk125_BUFG   | RegisterFile/registers[24][31]_i_1_n_0 |                                   |               12 |             32 |         2.67 |
| ~clk125_BUFG   | RegisterFile/registers[30][31]_i_1_n_0 |                                   |                8 |             32 |         4.00 |
| ~clk125_BUFG   | RegisterFile/registers[2][31]_i_1_n_0  |                                   |               11 |             32 |         2.91 |
| ~clk125_BUFG   | RegisterFile/registers[4][31]_i_1_n_0  |                                   |               12 |             32 |         2.67 |
|  clk125_BUFG   |                                        | CPU/math/inner_result0_carry__6_0 |               10 |             36 |         3.60 |
|  clk125_BUFG   |                                        |                                   |               66 |            187 |         2.83 |
+----------------+----------------------------------------+-----------------------------------+------------------+----------------+--------------+


